
> recall-notebook@0.1.0 build
> next build

   ▲ Next.js 15.5.4
   - Environments: .env.local

   Creating an optimized production build ...
 ✓ Compiled successfully in 19.4s
   Linting and checking validity of types ...
Failed to compile.

./src/app/api/research-assistant/chat/route.ts:349:53
Type error: Cannot find name 'error'. Did you mean 'Error'?

[0m [90m 347 |[39m     })
 [90m 348 |[39m   } [36mcatch[39m {
[31m[1m>[22m[39m[90m 349 |[39m     console[33m.[39merror([32m'Research assistant chat error:'[39m[33m,[39m error)
 [90m     |[39m                                                     [31m[1m^[22m[39m
 [90m 350 |[39m     [36mreturn[39m [33mNextResponse[39m[33m.[39mjson({ error[33m:[39m [32m'Internal server error'[39m }[33m,[39m { status[33m:[39m [35m500[39m })
 [90m 351 |[39m   }
 [90m 352 |[39m }[0m
Next.js build worker exited with code: 1 and signal: null
